// Jest Snapshot v1, https://goo.gl/fbAQLP

exports[`ExchangeReview renders correctly 1`] = `
<SafeAreaView
  style={
    Object {
      "flex": 1,
<<<<<<< HEAD
      "flexDirection": "column",
=======
>>>>>>> master
      "justifyContent": "space-between",
    }
  }
>
  <View
    style={
      Object {
        "paddingHorizontal": 16,
      }
    }
  >
    <RCTScrollView>
      <View>
        <View
          style={
            Object {
<<<<<<< HEAD
              "flexDirection": "column",
=======
>>>>>>> master
              "justifyContent": "flex-start",
            }
          }
        >
          <View
            style={
<<<<<<< HEAD
              Array [
                Object {
                  "alignItems": "center",
                  "flex": 1,
                  "flexDirection": "row",
                  "justifyContent": "space-between",
                },
                Object {
                  "marginTop": 30,
                },
              ]
=======
              Object {
                "alignItems": "center",
                "flexDirection": "row",
                "justifyContent": "space-between",
                "marginTop": 30,
              }
>>>>>>> master
            }
          >
            <Text
              style={
<<<<<<< HEAD
                Array [
                  Object {
                    "color": "#2E3338",
                    "fontFamily": "Hind-Regular",
                    "fontSize": 16,
                    "lineHeight": 24,
                  },
                  Object {
                    "fontSize": 15,
                  },
                ]
              }
            >
              amount (gold)
            </Text>
            <Text
              style={
                Array [
                  Object {
                    "color": "#2E3338",
                    "fontFamily": "Hind-Regular",
                    "fontSize": 16,
                    "lineHeight": 24,
                  },
                  Object {
                    "color": "#42D689",
                    "fontSize": 24,
                    "lineHeight": 39,
                  },
                ]
=======
                Object {
                  "color": "#2E3338",
                  "fontFamily": "Hind-Regular",
                  "fontSize": 15,
                  "lineHeight": 24,
                }
              }
            >
              exchangeAmount
            </Text>
            <Text
              style={
                Object {
                  "color": "#42D689",
                  "fontFamily": "Hind-Regular",
                  "fontSize": 24,
                  "lineHeight": 39,
                }
>>>>>>> master
              }
            >
              10.000
            </Text>
          </View>
          <View
            style={
              Object {
<<<<<<< HEAD
                "borderBottomColor": "#EEEEEE",
                "borderBottomWidth": 1,
                "marginVertical": 10,
=======
                "borderStyle": "solid",
                "borderTopColor": "#EEEEEE",
                "borderTopWidth": 1,
                "marginTop": 10,
                "width": "100%",
>>>>>>> master
              }
            }
          />
          <View
            style={
<<<<<<< HEAD
              Array [
                Object {
                  "alignItems": "center",
                  "flex": 1,
                  "flexDirection": "row",
                  "justifyContent": "space-between",
                },
                Object {
                  "marginVertical": 5,
                },
              ]
=======
              Object {
                "flexDirection": "row",
                "justifyContent": "space-between",
                "marginTop": 20,
                "marginVertical": 5,
              }
>>>>>>> master
            }
          >
            <Text
              style={
<<<<<<< HEAD
                Array [
                  Object {
                    "color": "#2E3338",
                    "fontFamily": "Hind-Regular",
                    "fontSize": 16,
                    "lineHeight": 24,
                  },
                  Object {
                    "fontSize": 15,
                  },
                ]
              }
            >
              subtotal @ $9.09
            </Text>
            <Text
              style={
                Array [
                  Object {
                    "color": "#2E3338",
                    "fontFamily": "Hind-Regular",
                    "fontSize": 16,
                    "lineHeight": 24,
                  },
                  Object {
                    "fontSize": 15,
                  },
                ]
=======
                Object {
                  "color": "#2E3338",
                  "fontFamily": "Hind-Regular",
                  "fontSize": 15,
                  "lineHeight": 24,
                }
              }
            >
              subtotalAmount
            </Text>
            <Text
              style={
                Object {
                  "color": "#2E3338",
                  "fontFamily": "Hind-Regular",
                  "fontSize": 15,
                  "lineHeight": 24,
                }
>>>>>>> master
              }
            >
              $90.90
            </Text>
          </View>
          <View
            style={
<<<<<<< HEAD
              Array [
                Object {
                  "alignItems": "center",
                  "flex": 1,
                  "flexDirection": "row",
                  "justifyContent": "space-between",
                },
                Object {
                  "marginVertical": 5,
                },
              ]
=======
              Object {
                "flexDirection": "row",
                "justifyContent": "space-between",
                "marginVertical": 5,
              }
>>>>>>> master
            }
          >
            <View
              style={
                Object {
                  "alignItems": "center",
                  "flexDirection": "row",
                }
              }
            >
              <Text
                style={
<<<<<<< HEAD
                  Array [
                    Object {
                      "color": "#2E3338",
                      "fontFamily": "Hind-Regular",
                      "fontSize": 16,
                      "lineHeight": 24,
                    },
                    Object {
                      "fontSize": 15,
                    },
                  ]
=======
                  Object {
                    "color": "#2E3338",
                    "fontFamily": "Hind-Regular",
                    "fontSize": 15,
                    "lineHeight": 24,
                  }
>>>>>>> master
                }
              >
                exchangeFee
              </Text>
              <View
                accessible={true}
                focusable={true}
                hitSlop={
                  Object {
                    "bottom": 10,
                    "left": 10,
                    "right": 10,
                    "top": 10,
                  }
                }
                isTVSelectable={true}
                nativeBackgroundAndroid={
                  Object {
                    "attribute": "selectableItemBackgroundBorderless",
                    "type": "ThemeAttrAndroid",
                  }
                }
                onClick={[Function]}
                onResponderGrant={[Function]}
                onResponderMove={[Function]}
                onResponderRelease={[Function]}
                onResponderTerminate={[Function]}
                onResponderTerminationRequest={[Function]}
                onStartShouldSetResponder={[Function]}
                style={
                  Object {
                    "alignItems": "center",
                    "justifyContent": "flex-end",
                    "paddingHorizontal": 5,
                  }
                }
              >
                <Image
                  source={
                    Object {
<<<<<<< HEAD
                      "testUri": "../../../packages/mobile/src/images/info-grey.png",
=======
                      "testUri": "../../../packages/mobile/src/images/info.png",
>>>>>>> master
                    }
                  }
                  style={
                    Object {
                      "height": 12,
<<<<<<< HEAD
=======
                      "tintColor": "#BDBDBD",
>>>>>>> master
                      "width": 12,
                    }
                  }
                />
              </View>
            </View>
            <Text
              style={
<<<<<<< HEAD
                Array [
                  Object {
                    "color": "#2E3338",
                    "fontFamily": "Hind-Regular",
                    "fontSize": 16,
                    "lineHeight": 24,
                  },
                  Object {
                    "fontSize": 15,
                  },
                ]
=======
                Object {
                  "color": "#2E3338",
                  "fontFamily": "Hind-Regular",
                  "fontSize": 15,
                  "lineHeight": 24,
                }
>>>>>>> master
              }
            >
              0.00
            </Text>
          </View>
          <View
            style={
<<<<<<< HEAD
              Array [
                Object {
                  "alignItems": "center",
                  "flex": 1,
                  "flexDirection": "row",
                  "justifyContent": "space-between",
                },
                Object {
                  "marginVertical": 5,
                },
              ]
=======
              Object {
                "flexDirection": "row",
                "justifyContent": "space-between",
                "marginVertical": 5,
              }
>>>>>>> master
            }
          >
            <View
              style={
                Object {
                  "alignItems": "center",
                  "flexDirection": "row",
                }
              }
            >
              <Text
                style={
<<<<<<< HEAD
                  Array [
                    Object {
                      "color": "#2E3338",
                      "fontFamily": "Hind-Regular",
                      "fontSize": 16,
                      "lineHeight": 24,
                    },
                    Object {
                      "fontSize": 15,
                    },
                  ]
=======
                  Object {
                    "color": "#2E3338",
                    "fontFamily": "Hind-Regular",
                    "fontSize": 15,
                    "lineHeight": 24,
                  }
>>>>>>> master
                }
              >
                securityFee
              </Text>
              <View
                accessible={true}
                focusable={true}
                hitSlop={
                  Object {
                    "bottom": 10,
                    "left": 10,
                    "right": 10,
                    "top": 10,
                  }
                }
                isTVSelectable={true}
                nativeBackgroundAndroid={
                  Object {
                    "attribute": "selectableItemBackgroundBorderless",
                    "type": "ThemeAttrAndroid",
                  }
                }
                onClick={[Function]}
                onResponderGrant={[Function]}
                onResponderMove={[Function]}
                onResponderRelease={[Function]}
                onResponderTerminate={[Function]}
                onResponderTerminationRequest={[Function]}
                onStartShouldSetResponder={[Function]}
                style={
                  Object {
                    "alignItems": "center",
                    "justifyContent": "flex-end",
                    "paddingHorizontal": 5,
                  }
                }
              >
                <Image
                  source={
                    Object {
<<<<<<< HEAD
                      "testUri": "../../../packages/mobile/src/images/info-grey.png",
=======
                      "testUri": "../../../packages/mobile/src/images/info.png",
>>>>>>> master
                    }
                  }
                  style={
                    Object {
                      "height": 12,
<<<<<<< HEAD
=======
                      "tintColor": "#BDBDBD",
>>>>>>> master
                      "width": 12,
                    }
                  }
                />
              </View>
            </View>
            <Text
              style={
<<<<<<< HEAD
                Array [
                  Object {
                    "color": "#2E3338",
                    "fontFamily": "Hind-Regular",
                    "fontSize": 16,
                    "lineHeight": 24,
                  },
                  Object {
                    "fontSize": 15,
                  },
                ]
=======
                Object {
                  "color": "#2E3338",
                  "fontFamily": "Hind-Regular",
                  "fontSize": 15,
                  "lineHeight": 24,
                }
>>>>>>> master
              }
            >
              0.00
            </Text>
          </View>
          <View
            style={
              Object {
<<<<<<< HEAD
                "borderBottomColor": "#EEEEEE",
                "borderBottomWidth": 1,
                "marginVertical": 10,
=======
                "borderStyle": "solid",
                "borderTopColor": "#EEEEEE",
                "borderTopWidth": 1,
                "marginTop": 10,
                "width": "100%",
>>>>>>> master
              }
            }
          />
          <View
            style={
              Object {
<<<<<<< HEAD
                "alignItems": "center",
                "flex": 1,
                "flexDirection": "row",
                "justifyContent": "space-between",
=======
                "flexDirection": "row",
                "justifyContent": "space-between",
                "marginTop": 20,
>>>>>>> master
              }
            }
          >
            <Text
              style={
<<<<<<< HEAD
                Array [
                  Object {
                    "color": "#2E3338",
                    "fontFamily": "Hind-Bold",
                    "fontSize": 16,
                    "lineHeight": 24,
                  },
                ]
=======
                Object {
                  "color": "#2E3338",
                  "fontFamily": "Hind-Bold",
                  "fontSize": 16,
                  "lineHeight": 24,
                }
>>>>>>> master
              }
            >
              sendFlow7:total
            </Text>
            <Text
              style={
                Object {
                  "color": "#2E3338",
                  "fontFamily": "Hind-Bold",
                  "fontSize": 16,
                  "lineHeight": 24,
                }
              }
            >
              $90.90
            </Text>
          </View>
        </View>
      </View>
    </RCTScrollView>
  </View>
  <View
    style={
      Object {
        "borderTopColor": "rgba(0, 0, 0, 0.05)",
        "borderTopWidth": 1,
      }
    }
  >
    <View
      style={
        Array [
          Object {
            "alignItems": "center",
            "borderRadius": 3,
            "flexDirection": "row",
          },
          null,
          null,
          undefined,
          Object {
            "backgroundColor": "#42D689",
          },
        ]
      }
    >
      <View
        accessible={true}
        focusable={true}
        isTVSelectable={true}
        nativeBackgroundAndroid={
          Object {
            "attribute": "selectableItemBackground",
            "type": "ThemeAttrAndroid",
          }
        }
        onClick={[Function]}
        onResponderGrant={[Function]}
        onResponderMove={[Function]}
        onResponderRelease={[Function]}
        onResponderTerminate={[Function]}
        onResponderTerminationRequest={[Function]}
        onStartShouldSetResponder={[Function]}
        style={
          Array [
            Object {
              "alignItems": "center",
              "flex": 1,
              "justifyContent": "center",
            },
            Object {
              "backgroundColor": "#42D689",
            },
            Object {
              "height": 50,
            },
            Object {
              "borderWidth": 0,
            },
          ]
        }
      >
        <View
          style={
            Object {
              "alignItems": "center",
              "flex": 1,
              "flexDirection": "row",
              "justifyContent": "space-between",
            }
          }
        >
          <Text
            style={
              Array [
                Object {
                  "fontFamily": "Hind-SemiBold",
                  "fontSize": 16,
                },
                Object {
                  "color": "#FFFFFF",
                },
                Object {
                  "paddingLeft": 5,
                  "paddingRight": 5,
                },
              ]
            }
          >
<<<<<<< HEAD
            undefined:sell 10.000 global:gold
=======
            buyOrSellGoldAmount
>>>>>>> master
          </Text>
        </View>
      </View>
    </View>
  </View>
</SafeAreaView>
`;
